// Jest Snapshot v1, https://goo.gl/fbAQLP

exports[`components/Navigation.vue matchs snapshot 1`] = `
<v-app-stub>
  <v-toolbar-stub app="" flat="" clipped-left="" dark="">
    <v-toolbar-side-icon-stub></v-toolbar-side-icon-stub>
    <v-toolbar-title-stub>Boba Prince ERP</v-toolbar-title-stub>
    <v-spacer-stub></v-spacer-stub>
    <v-toolbar-items-stub>
      <v-btn-stub flat="">
        Log in
      </v-btn-stub>
    </v-toolbar-items-stub>
  </v-toolbar-stub>
  <v-navigation-drawer-stub app="" dark="" clipped="" width="200">
    <v-list-stub class="pa-0">
      <v-list-tile-stub avatar="">
        <v-list-tile-avatar-stub>
          <v-icon-stub>home</v-icon-stub>
        </v-list-tile-avatar-stub>
        <v-list-tile-title-stub>Home</v-list-tile-title-stub>
      </v-list-tile-stub>
      <v-list-tile-stub avatar="">
        <v-list-tile-avatar-stub>
          <v-icon-stub>dashboard</v-icon-stub>
        </v-list-tile-avatar-stub>
        <v-list-tile-title-stub>Dashboard</v-list-tile-title-stub>
      </v-list-tile-stub>
      <v-list-tile-stub avatar="">
        <v-list-tile-avatar-stub>
          <v-icon-stub></v-icon-stub>
        </v-list-tile-avatar-stub>
        <v-list-tile-title-stub>About</v-list-tile-title-stub>
      </v-list-tile-stub>
      <v-divider-stub dark=""></v-divider-stub>
    </v-list-stub>
  </v-navigation-drawer-stub>
  <v-content-stub>
    <v-container-stub fluid=""></v-container-stub>
  </v-content-stub>
</v-app-stub>
`;
