// Jest Snapshot v1, https://goo.gl/fbAQLP

exports[`SignUp.vue matchs snapshot 1`] = `
<v-layout-stub column="">
  <v-layout-stub row="" wrap="true" align-center="" justify-center="">
    <v-flex-stub xs12="" sm6="" md4="">
      <v-card-stub class="elevation-6 pt-3 px-3 text-xs-center">
        <v-form-stub>
          <v-text-field-stub autofocus="" prepend-icon="person" label="Email" type="text" rules="v => (0, _helpers.validateEmail)(v) || this.$t.invalidEmail" validate-on-blur="" required=""></v-text-field-stub>
          <v-text-field-stub prepend-icon="lock" label="Password" type="password" rules="v => v.length >= this.passwordRequiredLength || (0, _helpers.format)(this.$t.passwordGreaterThan, [this.passwordRequiredLength])" validate-on-blur="" required=""></v-text-field-stub>
          <v-text-field-stub prepend-icon="lock" label="Confirm Password" type="password" rules="v => v === this.password || this.$t.passwordNotMatch" validate-on-blur="" required=""></v-text-field-stub>
          <recaptcha-stub></recaptcha-stub>
          <!---->
          <v-card-actions-stub>
            <v-spacer-stub></v-spacer-stub>
            <v-btn-stub outline="" color="secondary" type="submit">Sign Up</v-btn-stub>
          </v-card-actions-stub>
        </v-form-stub>
      </v-card-stub>
    </v-flex-stub>
  </v-layout-stub>
</v-layout-stub>
`;
